[oktayshakirov.com/index.html]
[backblue.gif]
[fade.gif]
[index.html]
[oktayshakirov.com/assets/images/logo.ico]
[unpkg.com/github-calendar@2.3.4/dist/github-calendar-responsive.css]
[oktayshakirov.com/assets/css/style.css]
[oktayshakirov.com/assets/images/avatar.jpg]
[oktayshakirov.com/assets/images/icon-dev.svg]
[oktayshakirov.com/assets/images/icon-frameworks.svg]
[oktayshakirov.com/assets/images/icon-app.svg]
[oktayshakirov.com/assets/images/icon-marketing.svg]
[oktayshakirov.com/assets/images/html.png]
[oktayshakirov.com/assets/images/css.png]
[oktayshakirov.com/assets/images/java-script.png]
[oktayshakirov.com/assets/images/react.png]
[oktayshakirov.com/assets/images/next.png]
[oktayshakirov.com/assets/images/node.png]
[oktayshakirov.com/assets/images/typescript.png]
[oktayshakirov.com/assets/images/npm.png]
[oktayshakirov.com/assets/images/php.png]
[oktayshakirov.com/assets/images/mysql.png]
[oktayshakirov.com/assets/images/python.png]
[oktayshakirov.com/assets/images/linux.png]
[oktayshakirov.com/assets/images/wordpress.png]
[oktayshakirov.com/assets/images/git.png]
[oktayshakirov.com/assets/images/docker.png]
[oktayshakirov.com/assets/images/unity.png]
[oktayshakirov.com/assets/images/figma.png]
[oktayshakirov.com/assets/images/eye.png]
[oktayshakirov.com/assets/images/code.png]
[oktayshakirov.com/assets/images/vr.png]
[oktayshakirov.com/assets/images/languages.png]
[oktayshakirov.com/assets/images/certificates/ausbildung.png]
[oktayshakirov.com/assets/images/certificates/typescript.png]
[oktayshakirov.com/assets/images/certificates/react-native.png]
[oktayshakirov.com/assets/images/certificates/node.js-essentials.png]
[oktayshakirov.com/assets/images/certificates/react.js-essentials.png]
[oktayshakirov.com/assets/images/certificates/javascript-essentials.png]
[oktayshakirov.com/assets/images/certificates/fundamentals-of-digital-marketing.png]
[oktayshakirov.com/assets/images/certificates/elements-of-ai.png]
[oktayshakirov.com/assets/images/certificates/efficient-email-management.png]
[oktayshakirov.com/assets/images/certificates/time-and-self-management.png]
[oktayshakirov.com/assets/images/certificates/excel-2013-professional.png]
[oktayshakirov.com/assets/images/certificates/word-2013-professional.png]
[oktayshakirov.com/assets/images/certificates/intercultural-competence.png]
[oktayshakirov.com/assets/images/certificates/communication-complaint-management.png]
[oktayshakirov.com/assets/images/certificates/german-c1.png]
[oktayshakirov.com/assets/images/certificates/english-b2.png]
[assets.calendly.com/assets/external/widget.css]
[assets.calendly.com/assets/external/widget.js]
[oktayshakirov.com/assets/images/calendar.png]
[oktayshakirov.com/assets/images/socials/github.png]
[oktayshakirov.com/assets/images/socials/linkedin.png]
[oktayshakirov.com/assets/images/socials/instagram.png]
[oktayshakirov.com/assets/images/socials/twitter.png]
[oktayshakirov.com/assets/images/coffee-sponsort.png]
[oktayshakirov.com/assets/images/github-sponsors.png]
[oktayshakirov.com/assets/images/paypalme.png]
[oktayshakirov.com/assets/images/projects/pigletz.jpg]
[oktayshakirov.com/assets/images/projects/digital-content.jpg]
[oktayshakirov.com/assets/images/projects/sha-beats.jpg]
[oktayshakirov.com/assets/js/script.js]
[unpkg.com/ionicons@5.5.2/dist/ionicons/ionicons.esm.js]
[oktayshakirov.com/index.html]
[unpkg.com/github-calendar@2.3.4/dist/github-calendar-responsive.css]
[oktayshakirov.com/assets/css/style.css]
[oktayshakirov.com/assets/images/icon-dev.svg]
[oktayshakirov.com/assets/images/icon-frameworks.svg]
[oktayshakirov.com/assets/images/icon-app.svg]
[oktayshakirov.com/assets/images/icon-marketing.svg]
[unpkg.com/ionicons@5.5.2/dist/ionicons/ionicons.js]
[assets.calendly.com/assets/external/widget.css]
[assets.calendly.com/assets/external/close-icon.svg]
[assets.calendly.com/assets/external/close-icon.svg]
