[zeelbhanderi.netlify.app/index.html]
[backblue.gif]
[fade.gif]
[index.html]
[kit.fontawesome.com/a13344502a.js]
[zeelbhanderi.netlify.app/assets/images/logo.png]
[zeelbhanderi.netlify.app/assets/css/style.css]
[zeelbhanderi.netlify.app/assets/images/my-avatar3.png]
[www.bigscal.com/wp-content/uploads/2022/07/Bigscal_Logo_200200.png]
[zeelbhanderi.netlify.app/case-studies/virtual-ref-case-study.html]
[zeelbhanderi.netlify.app/assets/images/projects/virtual-ref/virtual-ref-logo.png]
[zeelbhanderi.netlify.app/assets/images/icon-quote.svg]
[zeelbhanderi.netlify.app/assets/images/projects/tulagram-logo.png]
[zeelbhanderi.netlify.app/case-studies/tulagram-case-study.html]
[zeelbhanderi.netlify.app/assets/images/projects/gift-city-logo.png]
[zeelbhanderi.netlify.app/assets/images/projects/gift-city-thumbnail.png]
[zeelbhanderi.netlify.app/assets/images/projects/CAREpitome-thumbnail.png]
[zeelbhanderi.netlify.app/assets/images/projects/enbiosis-thumbnail.png]
[zeelbhanderi.netlify.app/assets/images/projects/ok-kosher-thumbnail.png]
[zeelbhanderi.netlify.app/assets/images/projects/organz-ai-thumbnail.png]
[zeelbhanderi.netlify.app/assets/images/projects/tulagram-thumbnail.png]
[zeelbhanderi.netlify.app/assets/images/projects/virtual-ref/virtual-ref-thumbnail.png]
[zeelbhanderi.netlify.app/assets/images/projects/global-audio-guides-thumbnail.png]
[zeelbhanderi.netlify.app/assets/images/projects/news-everyday-thumbnail.png]
[zeelbhanderi.netlify.app/assets/images/projects/lake-sharp.png]
[zeelbhanderi.netlify.app/assets/js/script.js]
[unpkg.com/ionicons@5.5.2/dist/ionicons/ionicons.esm.js]
[zeelbhanderi.netlify.app/index.html]
[zeelbhanderi.netlify.app/assets/css/style.css]
[unpkg.com/ionicons@5.5.2/dist/ionicons/ionicons.js]
[zeelbhanderi.netlify.app/case-studies/virtual-ref.18.delayed]
[zeelbhanderi.netlify.app/assets/images/projects/virtual-ref/virtual-ref-preview.19.delayed]
[zeelbhanderi.netlify.app/assets/images/projects/virtual-ref/user-testimonial-3.jpg]
[zeelbhanderi.netlify.app/assets/images/projects/virtual-ref/user-testimonial-1.jpg]
[zeelbhanderi.netlify.app/assets/images/projects/virtual-ref/user-testimonial-2.jpg]
[zeelbhanderi.netlify.app/assets/images/svg/iOS.png]
[zeelbhanderi.netlify.app/case-studies/virtual-ref-case-study.html]
[zeelbhanderi.netlify.app/assets/images/icon-quote.svg]
[zeelbhanderi.netlify.app/case-studies/case-study.js]
[zeelbhanderi.netlify.app/case-studies/tulagram.20.delayed]
[zeelbhanderi.netlify.app/assets/images/projects/tulagram/tulagram-preview.21.delayed]
[zeelbhanderi.netlify.app/assets/videos/tulagram.mp4]
[zeelbhanderi.netlify.app/assets/images/svg/male-default-placeholder-avatar.jpg]
[zeelbhanderi.netlify.app/assets/images/svg/female-default-placeholder-avatar.jpg]
[zeelbhanderi.netlify.app/case-studies/tulagram-case-study.html]
[zeelbhanderi.netlify.app/case-studies/virtual-ref.html]
[zeelbhanderi.netlify.app/assets/images/projects/virtual-ref/virtual-ref-preview.html]
[zeelbhanderi.netlify.app/assets/images/svg/android.svg]
[zeelbhanderi.netlify.app/case-studies/tulagram.html]
[zeelbhanderi.netlify.app/assets/images/projects/tulagram/tulagram-preview.html]
